
> frontend@0.1.0 build
> next build

▲ Next.js 16.2.12 (Turbopack)

⚠ The "middleware" file convention is deprecated. Please use "proxy" instead. Learn more: https://nextjs.org/docs/messages/middleware-to-proxy
  Creating an optimized production build ...
✓ Compiled successfully in 7.4s
  Running TypeScript ...
  Finished TypeScript in 8.8s ...
  Collecting page data using 7 workers ...
  Generating static pages using 7 workers (0/17) ...
  Generating static pages using 7 workers (4/17) 
  Generating static pages using 7 workers (8/17) 
  Generating static pages using 7 workers (12/17) 
✓ Generating static pages using 7 workers (17/17) in 3.7s
  Finalizing page optimization ...

Route (app)                                       Revalidate  Expire
┌ ○ /                                                     1m      1y
├ ○ /_not-found
├ ○ /auth/login
├ ○ /auth/register
├ ○ /dashboard/admin
├ ○ /dashboard/admin/rentals
├ ○ /dashboard/admin/users
├ ○ /dashboard/customer
├ ○ /dashboard/customer/orders
├ ƒ /dashboard/customer/orders/[id]/confirmation
├ ƒ /dashboard/customer/orders/[id]/pay
├ ○ /dashboard/customer/payments
├ ○ /dashboard/provider
├ ○ /dashboard/provider/orders
├ ○ /gear                                                 5m      1y
├ ƒ /gear/[id]
├ ○ /payment/cancel
└ ○ /payment/success


ƒ Proxy (Middleware)

○  (Static)   prerendered as static content
ƒ  (Dynamic)  server-rendered on demand

